1618 constraints, 1618 unknowns
[0]  ast/interpreter/overload.h:477: '0'
[0]  /src/grid/array.h:25: '4096'
[0]  /src/navier-stokes/centered.h:294: '1.'
[0]  /src/navier-stokes/centered.h:295: '1.'
[0]  /src/navier-stokes/centered.h:420: '0.'
[0]  /src/bcg.h:38: '1.'
[0]  /src/bcg.h:39: '1.'
[0]  /src/common.h:97: 'norm = 0.'
[0]  /src/common.h:390: '1.[0]'
[0]  /src/common.h:391: '1.[0]'
[0]  /src/common.h:420: 'minpiv = 1e30'
[0]  /src/common.h:426: 'big = 0.0'
[0]  /src/common.h:445: '0.'
[0]  /src/common.h:449: 'm[icol][icol] = 1.0'
[0]  /src/common.h:454: 'm[ll][icol] = 0.0'
[0]  /src/curvature.h:76: '1e30'
[0]  /src/curvature.h:80: '1.'
[0]  /src/curvature.h:87: '1e30'
[0]  /src/curvature.h:219: '0.'
[0]  /src/curvature.h:347: 'd2 = 0.'
[0]  /src/curvature.h:350: '0.5'
[0]  /src/curvature.h:384: '1e30'
[0]  /src/curvature.h:403: '1e30'
[0]  /src/curvature.h:431: '.1'
[0]  /src/curvature.h:441: '1.'
[0]  /src/curvature.h:443: '2.'
[0]  /src/curvature.h:474: '0.'
[0]  /src/curvature.h:474: '1.'
[0]  /src/curvature.h:484: '2.'
[0]  /src/curvature.h:506: '1.'
[0]  /src/curvature.h:509: '0.'
[0]  /src/curvature.h:512: '0.'
[0]  /src/curvature.h:515: '1.'
[0]  /src/curvature.h:542: '1.[0]'
[0]  /src/curvature.h:601: 'a = 0.'
[0]  /src/curvature.h:605: '0.'
[0]  /src/fractions.h:161: '1.'
[0]  /src/fractions.h:232: 'nn = 0.'
[0]  /src/fractions.h:242: '0.'
[0]  /src/fractions.h:258: 'alpha = 0.'
[0]  /src/fractions.h:258: 'ni = 0.'
[0]  /src/fractions.h:261: '0.'
[0]  /src/fractions.h:261: '1.'
[0]  /src/fractions.h:262: '0.5'
[0]  /src/fractions.h:263: '0.5'
[0]  /src/fractions.h:274: '0'
[0]  /src/fractions.h:276: '4'
[0]  /src/fractions.h:282: 's_z[] = 0.'
[0]  /src/fractions.h:454: '0.'
[0]  /src/fractions.h:454: '1.'
[0]  /src/fractions.h:455: 'alpha[] = 0.'
[0]  /src/fractions.h:457: 'n.x[] = 0.'
[0]  /src/fractions.h:457: 'n.y[] = 0.'
[0]  /src/fractions.h:513: '1. - 1e-6'
[0]  /src/fractions.h:513: '1e-6'
[0]  /src/geometry.h:43: '0.'
[0]  /src/geometry.h:43: '1.'
[0]  /src/geometry.h:47: '1.'
[0]  /src/geometry.h:50: '1.'
[0]  /src/geometry.h:52: '0.'
[0]  /src/geometry.h:54: '0.'
[0]  /src/geometry.h:168: '0.'
[0]  /src/geometry.h:172: '0.'
[0]  /src/geometry.h:177: '0.'
[0]  /src/geometry.h:178: '0.'
[0]  /src/geometry.h:181: '1.'
[0]  /src/geometry.h:183: '1e-10'
[0]  /src/geometry.h:185: '1e-10'
[0]  /src/geometry.h:191: '0.'
[0]  /src/geometry.h:195: '0.'
[0]  /src/geometry.h:201: '0.'
[0]  /src/geometry.h:201: '1.'
[0]  /src/geometry.h:295: '0.5'
[0]  /src/geometry.h:295: '1.'
[0]  /src/geometry.h:295: 's = -0.5'
[0]  /src/geometry.h:297: '1e-4'
[0]  /src/geometry.h:299: '0.5'
[0]  /src/geometry.h:388: '0.'
[0]  /src/geometry.h:393: 'p->z = 0.'
[0]  /src/geometry.h:395: '0.'
[0]  /src/geometry.h:396: '0.'
[0]  /src/geometry.h:399: '1e-4'
[0]  /src/geometry.h:400: 'p->x = 0.'
[0]  /src/geometry.h:400: 'p->y = 0.'
[0]  /src/geometry.h:401: '0.'
[0]  /src/geometry.h:401: '0.5'
[0]  /src/geometry.h:401: '1.'
[0]  /src/geometry.h:402: '1.'
[0]  /src/geometry.h:406: '1.'
[0]  /src/geometry.h:414: '1.'
[0]  /src/geometry.h:415: '1.'
[0]  /src/geometry.h:426: '0.'
[0]  /src/geometry.h:426: '1.'
[0]  /src/geometry.h:427: '0.'
[0]  /src/geometry.h:428: '1.'
[0]  /src/geometry.h:429: '0.5'
[0]  /src/heights.h:30: '-20./2.'
[0]  /src/heights.h:30: '20.'
[0]  /src/heights.h:30: '20./2.'
[0]  /src/heights.h:34: '20./2.'
[0]  /src/heights.h:82: '300.'
[0]  /src/heights.h:83: 'state.h = 1e30'
[0]  /src/heights.h:89: '20./2.'
[0]  /src/heights.h:116: '0.'
[0]  /src/heights.h:116: '1.'
[0]  /src/heights.h:118: '0.'
[0]  /src/heights.h:118: '1.'
[0]  /src/heights.h:138: '0.'
[0]  /src/heights.h:138: '1.'
[0]  /src/heights.h:139: '0.5'
[0]  /src/heights.h:143: '0.'
[0]  /src/heights.h:143: '1.'
[0]  /src/heights.h:144: '0.5'
[0]  /src/heights.h:172: '0.'
[0]  /src/heights.h:172: '1.'
[0]  /src/heights.h:173: '0.'
[0]  /src/heights.h:173: '1.'
[0]  /src/heights.h:174: 'h.x[] = 300.'
[0]  /src/heights.h:174: 'h.y[] = 300.'
[0]  /src/heights.h:183: '1.'
[0]  /src/heights.h:204: 'h.x[] = 1e30'
[0]  /src/heights.h:204: 'h.y[] = 1e30'
[0]  /src/heights.h:206: '1e10'
[0]  /src/heights.h:206: '1e30'
[0]  /src/heights.h:231: '3.5'
[0]  /src/iforce.h:63: '0.'
[0]  /src/iforce.h:63: '1.'
[0]  /src/iforce.h:91: '0.'
[0]  /src/iforce.h:109: '0.'
[0]  /src/myc2d.h:25: '0.'
[0]  /src/myc2d.h:25: '1.'
[0]  /src/myc2d.h:29: '0.'
[0]  /src/myc2d.h:29: '1.'
[0]  /src/myc2d.h:36: '1e-30'
[0]  /src/myc2d.h:39: '1e-30'
[0]  /src/parabola.h:68: 'p->M[i][j] = 0.'
[0]  /src/parabola.h:69: 'p->rhs[i] = 0.'
[0]  /src/parabola.h:119: '1e-10'
[0]  /src/parabola.h:125: 'p->a[1] = 0.'
[0]  /src/parabola.h:167: '1.[0]'
[0]  /src/parabola.h:193: '0.'
[0]  /src/poisson.h:196: '1.2'
[0]  /src/poisson.h:198: '10'
[0]  /src/poisson.h:452: '1'
[0]  /src/tension.h:43: 'amax = -1e30'
[0]  /src/tension.h:43: 'amin = 1e30'
[0]  /src/tension.h:45: '0.'
[0]  /src/utils.h:166: 'max = -1e100'
[0]  /src/utils.h:166: 'min = 1e100'
[0]  /src/utils.h:166: 'sum2 = 0.'
[0]  /src/utils.h:169: '1e30'
[0]  /src/utils.h:180: '0.'
[0]  /src/viscosity.h:185: '1.'
[0]  /src/viscosity.h:268: '1.'
[0]  /src/vof.h:141: '0.5'
[0]  /src/vof.h:142: 'CFL = 0.5'
[0]  /src/vof.h:162: 'cfl = 0.'
[0]  /src/vof.h:203: '1.'
[0]  /src/vof.h:211: '0.'
[0]  /src/vof.h:212: '0.'
[0]  /src/vof.h:225: '0.'
[0]  /src/vof.h:225: '1.'
[0]  /src/vof.h:227: '0.5'
[0]  /src/vof.h:228: '0.5'
[0]  /src/vof.h:259: '0.5 + 1e-6'
[0]  /src/vof.h:262: '0.5'
[0]  /src/vof.h:353: '0.5'
[0]  sessile.c:53: '1e30'
[0]  sessile.c:78: '15'
[0]  sessile.c:78: '165'
[0]  sessile.c:78: 'theta0 = 15'
[1]  /src/bcg.h:37: '0.'
[1]  /src/common.h:31: 'X0 = 0.'
[1]  /src/common.h:31: 'Y0 = 0.'
[1]  /src/common.h:31: 'Z0 = 0.'
[1]  /src/tension.h:43: 'dmin = 1e30'
[1]  /src/utils.h:166: 'sum = 0.'
[1]  /src/vof.h:202: '0.'
[1]  sessile.c:57: '2 [1]'
[1]  sessile.c:87: '0.5'
[-1]  ast/interpreter/overload.h:477: '0'
[-1]  /src/curvature.h:77: '1e30'
[-1]  /src/curvature.h:215: '1e30'
[-1]  /src/curvature.h:217: '1e30'
[-1]  /src/curvature.h:224: '1e30'
[-1]  /src/curvature.h:418: '1e30'
[-1]  /src/curvature.h:574: 'k[] = 1e30'
[-1]  /src/curvature.h:580: '1e30'
[-1]  /src/curvature.h:582: '1e30'
[-1]  /src/curvature.h:593: '1e30'
[-1]  /src/curvature.h:601: 'sk = 0.'
[-1]  /src/curvature.h:603: '1e30'
[-1]  /src/curvature.h:615: 'kf = 1e30'
[-1]  /src/curvature.h:620: '1e30'
[-1]  /src/curvature.h:621: 'kappa[] = 1e30'
[-1]  /src/utils.h:166: 'max = -1e100'
[-1]  /src/utils.h:166: 'min = 1e100'
[-1]  /src/utils.h:169: '1e30'
[-1]  /src/utils.h:180: '0.'
[0,1]  ast/interpreter/overload.h:93: '1e30'
[0,1]  ast/interpreter/overload.h:94: '1e30'
[0,1]  /src/grid/events.h:32: 'TEND_EVENT = 1234567890'
[0,1]  /src/run.h:16: 't = 0.'
[0,1]  /src/run.h:50: '0'
[0,1]  /src/timestep.h:4: 'previous = 0.'
[0,1]  /src/timestep.h:5: '0.'
[0,1]  /src/timestep.h:5: 'previous = 0.'
[0,1]  /src/utils.h:8: 'DT = 1e30 [0,1]'
[0,1]  sessile.c:85: '0'
[0,1]  sessile.c:85: 't = 0'
[0,1]  sessile.c:107: '0'
[0,1]  sessile.c:107: 't = 10'
[2]  ast/interpreter/overload.h:477: '0'
[2]  /src/fractions.h:122: '0.'
[2]  /src/utils.h:166: 'sum = 0.'
[2]  /src/utils.h:166: 'sum2 = 0.'
[2]  /src/utils.h:166: 'volume = 0.'
[2]  /src/utils.h:169: '0.'
[2]  /src/utils.h:178: '0.'
[2]  /src/utils.h:180: '0.'
[-2]  /src/poisson.h:427: '0.'
[0,-2]  /src/grid/multigrid-common.h:28: 'sum = 0.'
[0,-2]  /src/poisson.h:161: 'sum = 0.'
[0,-2]  /src/poisson.h:360: 'maxres = 0.'
[4]  /src/fractions.h:152: '0.'
[1,-1]  ast/interpreter/overload.h:168: 'u.x[] = 0.'
[1,-1]  ast/interpreter/overload.h:168: 'u.y[] = 0.'
[1,-1]  /src/grid/multigrid-common.h:28: 'sum = 0.'
[1,-1]  /src/navier-stokes/centered.h:298: '0.'
[1,-1]  /src/bcg.h:47: '0.'
[1,-1]  /src/poisson.h:59: 's[] = 0.'
[1,-1]  /src/poisson.h:161: 'sum = 0.'
[1,-1]  /src/poisson.h:494: 'div[] = 0.'
[1,-1]  /src/timestep.h:8: '0.'
[1,-1]  /src/viscosity.h:228: 'maxres = 0.'
[2,-1]  /src/navier-stokes/centered.h:354: '0.'
[2,-1]  sessile.c:62: '.1'
[1,-2]  ast/interpreter/overload.h:168: 'g.x[] = 0.'
[1,-2]  ast/interpreter/overload.h:168: 'g.y[] = 0.'
[1,-2]  /src/navier-stokes/centered.h:367: 'af.x[] = 0.'
[1,-2]  /src/navier-stokes/centered.h:367: 'af.y[] = 0.'
[1,-2]  /src/iforce.h:34: 'a.x[] = 0.'
[1,-2]  /src/iforce.h:34: 'a.y[] = 0.'
[2,-2]  ast/interpreter/overload.h:168: 'p[] = 0.'
[2,-2]  ast/interpreter/overload.h:168: 'pf[] = 0.'
[2,-2]  /src/curvature.h:621: 'kappa[] = 1e30'
[2,-2]  /src/iforce.h:103: '1e30'
[2,-2]  /src/iforce.h:105: '1e30'
[2,-2]  /src/iforce.h:106: '1e30'
[2,-2]  /src/iforce.h:107: '0.'
[2,-2]  /src/poisson.h:59: 's[] = 0.'
[3,-2]  /src/tension.h:56: 'sigma = 0.'
[3,-2]  sessile.c:76: 'f.sigma = 1.'
